mode: set
github.com/scality/terraform-provider-scality-artesca/internal/client/iam.go:33.80,48.2 2 1
github.com/scality/terraform-provider-scality-artesca/internal/client/iam.go:52.67,54.16 2 1
github.com/scality/terraform-provider-scality-artesca/internal/client/iam.go:54.16,56.3 1 1
github.com/scality/terraform-provider-scality-artesca/internal/client/iam.go:58.2,61.45 3 1
github.com/scality/terraform-provider-scality-artesca/internal/client/iam.go:61.45,63.3 1 1
github.com/scality/terraform-provider-scality-artesca/internal/client/iam.go:65.2,66.16 2 1
github.com/scality/terraform-provider-scality-artesca/internal/client/iam.go:66.16,68.3 1 1
github.com/scality/terraform-provider-scality-artesca/internal/client/iam.go:70.2,72.24 3 1
github.com/scality/terraform-provider-scality-artesca/internal/client/iam.go:117.110,124.16 3 1
github.com/scality/terraform-provider-scality-artesca/internal/client/iam.go:124.16,126.3 1 1
github.com/scality/terraform-provider-scality-artesca/internal/client/iam.go:128.2,129.51 2 1
github.com/scality/terraform-provider-scality-artesca/internal/client/iam.go:129.51,131.3 1 0
github.com/scality/terraform-provider-scality-artesca/internal/client/iam.go:133.2,133.31 1 1
github.com/scality/terraform-provider-scality-artesca/internal/client/iam.go:136.107,143.16 3 1
github.com/scality/terraform-provider-scality-artesca/internal/client/iam.go:143.16,144.52 1 1
github.com/scality/terraform-provider-scality-artesca/internal/client/iam.go:144.52,146.4 1 1
github.com/scality/terraform-provider-scality-artesca/internal/client/iam.go:147.3,147.46 1 1
github.com/scality/terraform-provider-scality-artesca/internal/client/iam.go:150.2,151.51 2 1
github.com/scality/terraform-provider-scality-artesca/internal/client/iam.go:151.51,153.3 1 0
github.com/scality/terraform-provider-scality-artesca/internal/client/iam.go:155.2,155.31 1 1
github.com/scality/terraform-provider-scality-artesca/internal/client/iam.go:158.98,165.16 3 1
github.com/scality/terraform-provider-scality-artesca/internal/client/iam.go:165.16,167.3 1 1
github.com/scality/terraform-provider-scality-artesca/internal/client/iam.go:169.2,169.12 1 1
github.com/scality/terraform-provider-scality-artesca/internal/client/iam.go:172.129,182.16 3 1
github.com/scality/terraform-provider-scality-artesca/internal/client/iam.go:182.16,184.3 1 1
github.com/scality/terraform-provider-scality-artesca/internal/client/iam.go:186.2,186.12 1 1
github.com/scality/terraform-provider-scality-artesca/internal/client/iam.go:189.123,198.16 3 1
github.com/scality/terraform-provider-scality-artesca/internal/client/iam.go:198.16,199.52 1 1
github.com/scality/terraform-provider-scality-artesca/internal/client/iam.go:199.52,201.4 1 1
github.com/scality/terraform-provider-scality-artesca/internal/client/iam.go:202.3,202.52 1 1
github.com/scality/terraform-provider-scality-artesca/internal/client/iam.go:205.2,206.51 2 1
github.com/scality/terraform-provider-scality-artesca/internal/client/iam.go:206.51,208.3 1 0
github.com/scality/terraform-provider-scality-artesca/internal/client/iam.go:211.2,212.16 2 1
github.com/scality/terraform-provider-scality-artesca/internal/client/iam.go:212.16,214.3 1 1
github.com/scality/terraform-provider-scality-artesca/internal/client/iam.go:216.2,216.21 1 1
github.com/scality/terraform-provider-scality-artesca/internal/client/iam.go:219.116,228.16 3 1
github.com/scality/terraform-provider-scality-artesca/internal/client/iam.go:228.16,230.3 1 1
github.com/scality/terraform-provider-scality-artesca/internal/client/iam.go:232.2,232.12 1 1
github.com/scality/terraform-provider-scality-artesca/internal/client/iam.go:264.120,271.16 3 1
github.com/scality/terraform-provider-scality-artesca/internal/client/iam.go:271.16,273.3 1 1
github.com/scality/terraform-provider-scality-artesca/internal/client/iam.go:275.2,276.51 2 1
github.com/scality/terraform-provider-scality-artesca/internal/client/iam.go:276.51,278.3 1 0
github.com/scality/terraform-provider-scality-artesca/internal/client/iam.go:280.2,280.36 1 1
github.com/scality/terraform-provider-scality-artesca/internal/client/iam.go:283.128,290.16 3 1
github.com/scality/terraform-provider-scality-artesca/internal/client/iam.go:290.16,292.3 1 1
github.com/scality/terraform-provider-scality-artesca/internal/client/iam.go:294.2,295.51 2 1
github.com/scality/terraform-provider-scality-artesca/internal/client/iam.go:295.51,297.3 1 0
github.com/scality/terraform-provider-scality-artesca/internal/client/iam.go:299.2,299.43 1 1
github.com/scality/terraform-provider-scality-artesca/internal/client/iam.go:302.130,311.16 3 1
github.com/scality/terraform-provider-scality-artesca/internal/client/iam.go:311.16,313.3 1 1
github.com/scality/terraform-provider-scality-artesca/internal/client/iam.go:315.2,315.12 1 1
github.com/scality/terraform-provider-scality-artesca/internal/client/iam.go:320.122,322.16 2 1
github.com/scality/terraform-provider-scality-artesca/internal/client/iam.go:322.16,324.3 1 0
github.com/scality/terraform-provider-scality-artesca/internal/client/iam.go:327.2,371.16 19 1
github.com/scality/terraform-provider-scality-artesca/internal/client/iam.go:371.16,373.3 1 0
github.com/scality/terraform-provider-scality-artesca/internal/client/iam.go:375.2,381.16 6 1
github.com/scality/terraform-provider-scality-artesca/internal/client/iam.go:381.16,383.3 1 0
github.com/scality/terraform-provider-scality-artesca/internal/client/iam.go:384.2,387.16 3 1
github.com/scality/terraform-provider-scality-artesca/internal/client/iam.go:387.16,389.3 1 0
github.com/scality/terraform-provider-scality-artesca/internal/client/iam.go:391.2,391.28 1 1
github.com/scality/terraform-provider-scality-artesca/internal/client/iam.go:391.28,393.91 2 1
github.com/scality/terraform-provider-scality-artesca/internal/client/iam.go:393.91,395.4 1 1
github.com/scality/terraform-provider-scality-artesca/internal/client/iam.go:396.3,396.98 1 1
github.com/scality/terraform-provider-scality-artesca/internal/client/iam.go:399.2,399.22 1 1
github.com/scality/terraform-provider-scality-artesca/internal/client/iam.go:402.36,405.2 2 1
github.com/scality/terraform-provider-scality-artesca/internal/client/iam.go:407.42,411.2 3 1
github.com/scality/terraform-provider-scality-artesca/internal/client/iam.go:413.75,419.2 5 1
github.com/scality/terraform-provider-scality-artesca/internal/client/management.go:29.127,45.2 2 1
github.com/scality/terraform-provider-scality-artesca/internal/client/management.go:47.111,49.17 2 1
github.com/scality/terraform-provider-scality-artesca/internal/client/management.go:49.17,51.17 2 1
github.com/scality/terraform-provider-scality-artesca/internal/client/management.go:51.17,53.4 1 0
github.com/scality/terraform-provider-scality-artesca/internal/client/management.go:54.3,54.38 1 1
github.com/scality/terraform-provider-scality-artesca/internal/client/management.go:57.2,59.16 3 1
github.com/scality/terraform-provider-scality-artesca/internal/client/management.go:59.16,61.3 1 0
github.com/scality/terraform-provider-scality-artesca/internal/client/management.go:63.2,64.16 2 1
github.com/scality/terraform-provider-scality-artesca/internal/client/management.go:64.16,66.3 1 0
github.com/scality/terraform-provider-scality-artesca/internal/client/management.go:68.2,73.16 5 1
github.com/scality/terraform-provider-scality-artesca/internal/client/management.go:73.16,75.3 1 0
github.com/scality/terraform-provider-scality-artesca/internal/client/management.go:76.2,79.16 3 1
github.com/scality/terraform-provider-scality-artesca/internal/client/management.go:79.16,81.3 1 0
github.com/scality/terraform-provider-scality-artesca/internal/client/management.go:83.2,83.39 1 1
github.com/scality/terraform-provider-scality-artesca/internal/client/management.go:86.84,89.16 3 1
github.com/scality/terraform-provider-scality-artesca/internal/client/management.go:89.16,91.3 1 0
github.com/scality/terraform-provider-scality-artesca/internal/client/management.go:92.2,92.29 1 1
github.com/scality/terraform-provider-scality-artesca/internal/client/management.go:92.29,94.3 1 1
github.com/scality/terraform-provider-scality-artesca/internal/client/management.go:96.2,97.55 2 1
github.com/scality/terraform-provider-scality-artesca/internal/client/management.go:97.55,99.3 1 0
github.com/scality/terraform-provider-scality-artesca/internal/client/management.go:101.2,101.22 1 1
github.com/scality/terraform-provider-scality-artesca/internal/client/management_account.go:11.88,13.16 2 1
github.com/scality/terraform-provider-scality-artesca/internal/client/management_account.go:13.16,15.3 1 0
github.com/scality/terraform-provider-scality-artesca/internal/client/management_account.go:17.2,17.37 1 1
github.com/scality/terraform-provider-scality-artesca/internal/client/management_account.go:17.37,18.56 1 1
github.com/scality/terraform-provider-scality-artesca/internal/client/management_account.go:18.56,20.4 1 1
github.com/scality/terraform-provider-scality-artesca/internal/client/management_account.go:23.2,23.17 1 1
github.com/scality/terraform-provider-scality-artesca/internal/client/management_account.go:31.102,38.16 4 1
github.com/scality/terraform-provider-scality-artesca/internal/client/management_account.go:38.16,40.3 1 0
github.com/scality/terraform-provider-scality-artesca/internal/client/management_account.go:41.2,41.61 1 1
github.com/scality/terraform-provider-scality-artesca/internal/client/management_account.go:41.61,43.3 1 1
github.com/scality/terraform-provider-scality-artesca/internal/client/management_account.go:45.2,46.52 2 1
github.com/scality/terraform-provider-scality-artesca/internal/client/management_account.go:46.52,48.3 1 0
github.com/scality/terraform-provider-scality-artesca/internal/client/management_account.go:50.2,50.19 1 1
github.com/scality/terraform-provider-scality-artesca/internal/client/management_account.go:53.89,56.16 3 1
github.com/scality/terraform-provider-scality-artesca/internal/client/management_account.go:56.16,58.3 1 0
github.com/scality/terraform-provider-scality-artesca/internal/client/management_account.go:59.2,59.63 1 1
github.com/scality/terraform-provider-scality-artesca/internal/client/management_account.go:59.63,61.3 1 1
github.com/scality/terraform-provider-scality-artesca/internal/client/management_account.go:63.2,63.12 1 1
github.com/scality/terraform-provider-scality-artesca/internal/client/management_account.go:66.103,69.16 3 1
github.com/scality/terraform-provider-scality-artesca/internal/client/management_account.go:69.16,71.3 1 0
github.com/scality/terraform-provider-scality-artesca/internal/client/management_account.go:72.2,72.61 1 1
github.com/scality/terraform-provider-scality-artesca/internal/client/management_account.go:72.61,74.3 1 1
github.com/scality/terraform-provider-scality-artesca/internal/client/management_account.go:76.2,77.52 2 1
github.com/scality/terraform-provider-scality-artesca/internal/client/management_account.go:77.52,79.3 1 0
github.com/scality/terraform-provider-scality-artesca/internal/client/management_account.go:81.2,81.19 1 1
github.com/scality/terraform-provider-scality-artesca/internal/client/management_endpoint.go:11.97,13.16 2 1
github.com/scality/terraform-provider-scality-artesca/internal/client/management_endpoint.go:13.16,15.3 1 0
github.com/scality/terraform-provider-scality-artesca/internal/client/management_endpoint.go:17.2,17.39 1 1
github.com/scality/terraform-provider-scality-artesca/internal/client/management_endpoint.go:17.39,18.30 1 1
github.com/scality/terraform-provider-scality-artesca/internal/client/management_endpoint.go:18.30,20.4 1 1
github.com/scality/terraform-provider-scality-artesca/internal/client/management_endpoint.go:23.2,23.17 1 1
github.com/scality/terraform-provider-scality-artesca/internal/client/management_endpoint.go:26.97,29.16 3 1
github.com/scality/terraform-provider-scality-artesca/internal/client/management_endpoint.go:29.16,31.3 1 0
github.com/scality/terraform-provider-scality-artesca/internal/client/management_endpoint.go:32.2,32.61 1 1
github.com/scality/terraform-provider-scality-artesca/internal/client/management_endpoint.go:32.61,34.3 1 1
github.com/scality/terraform-provider-scality-artesca/internal/client/management_endpoint.go:36.2,37.55 2 1
github.com/scality/terraform-provider-scality-artesca/internal/client/management_endpoint.go:37.55,39.3 1 0
github.com/scality/terraform-provider-scality-artesca/internal/client/management_endpoint.go:41.2,41.22 1 1
github.com/scality/terraform-provider-scality-artesca/internal/client/management_endpoint.go:44.87,47.16 3 1
github.com/scality/terraform-provider-scality-artesca/internal/client/management_endpoint.go:47.16,49.3 1 0
github.com/scality/terraform-provider-scality-artesca/internal/client/management_endpoint.go:50.2,50.63 1 1
github.com/scality/terraform-provider-scality-artesca/internal/client/management_endpoint.go:50.63,52.3 1 1
github.com/scality/terraform-provider-scality-artesca/internal/client/management_endpoint.go:54.2,54.12 1 1
github.com/scality/terraform-provider-scality-artesca/internal/client/management_location.go:11.93,13.16 2 1
github.com/scality/terraform-provider-scality-artesca/internal/client/management_location.go:13.16,15.3 1 0
github.com/scality/terraform-provider-scality-artesca/internal/client/management_location.go:17.2,18.9 2 1
github.com/scality/terraform-provider-scality-artesca/internal/client/management_location.go:18.9,20.3 1 1
github.com/scality/terraform-provider-scality-artesca/internal/client/management_location.go:22.2,22.18 1 1
github.com/scality/terraform-provider-scality-artesca/internal/client/management_location.go:25.98,28.16 3 1
github.com/scality/terraform-provider-scality-artesca/internal/client/management_location.go:28.16,30.3 1 0
github.com/scality/terraform-provider-scality-artesca/internal/client/management_location.go:31.2,31.61 1 1
github.com/scality/terraform-provider-scality-artesca/internal/client/management_location.go:31.61,33.3 1 1
github.com/scality/terraform-provider-scality-artesca/internal/client/management_location.go:35.2,36.55 2 1
github.com/scality/terraform-provider-scality-artesca/internal/client/management_location.go:36.55,38.3 1 0
github.com/scality/terraform-provider-scality-artesca/internal/client/management_location.go:40.2,40.22 1 1
github.com/scality/terraform-provider-scality-artesca/internal/client/management_location.go:43.111,46.16 3 1
github.com/scality/terraform-provider-scality-artesca/internal/client/management_location.go:46.16,48.3 1 0
github.com/scality/terraform-provider-scality-artesca/internal/client/management_location.go:49.2,49.29 1 1
github.com/scality/terraform-provider-scality-artesca/internal/client/management_location.go:49.29,51.3 1 1
github.com/scality/terraform-provider-scality-artesca/internal/client/management_location.go:53.2,54.55 2 1
github.com/scality/terraform-provider-scality-artesca/internal/client/management_location.go:54.55,56.3 1 0
github.com/scality/terraform-provider-scality-artesca/internal/client/management_location.go:58.2,58.22 1 1
github.com/scality/terraform-provider-scality-artesca/internal/client/management_location.go:61.83,64.16 3 1
github.com/scality/terraform-provider-scality-artesca/internal/client/management_location.go:64.16,66.3 1 0
github.com/scality/terraform-provider-scality-artesca/internal/client/management_location.go:67.2,67.63 1 1
github.com/scality/terraform-provider-scality-artesca/internal/client/management_location.go:67.63,69.3 1 1
github.com/scality/terraform-provider-scality-artesca/internal/client/management_location.go:71.2,71.12 1 1
github.com/scality/terraform-provider-scality-artesca/internal/client/management_replication.go:11.115,13.16 2 1
github.com/scality/terraform-provider-scality-artesca/internal/client/management_replication.go:13.16,15.3 1 0
github.com/scality/terraform-provider-scality-artesca/internal/client/management_replication.go:17.2,17.48 1 1
github.com/scality/terraform-provider-scality-artesca/internal/client/management_replication.go:17.48,18.30 1 1
github.com/scality/terraform-provider-scality-artesca/internal/client/management_replication.go:18.30,20.4 1 1
github.com/scality/terraform-provider-scality-artesca/internal/client/management_replication.go:23.2,23.17 1 1
github.com/scality/terraform-provider-scality-artesca/internal/client/management_replication.go:26.128,29.16 3 1
github.com/scality/terraform-provider-scality-artesca/internal/client/management_replication.go:29.16,31.3 1 0
github.com/scality/terraform-provider-scality-artesca/internal/client/management_replication.go:32.2,32.61 1 1
github.com/scality/terraform-provider-scality-artesca/internal/client/management_replication.go:32.61,34.3 1 1
github.com/scality/terraform-provider-scality-artesca/internal/client/management_replication.go:36.2,37.55 2 1
github.com/scality/terraform-provider-scality-artesca/internal/client/management_replication.go:37.55,39.3 1 0
github.com/scality/terraform-provider-scality-artesca/internal/client/management_replication.go:41.2,41.22 1 1
github.com/scality/terraform-provider-scality-artesca/internal/client/management_replication.go:44.145,47.16 3 1
github.com/scality/terraform-provider-scality-artesca/internal/client/management_replication.go:47.16,49.3 1 0
github.com/scality/terraform-provider-scality-artesca/internal/client/management_replication.go:50.2,50.29 1 1
github.com/scality/terraform-provider-scality-artesca/internal/client/management_replication.go:50.29,52.3 1 1
github.com/scality/terraform-provider-scality-artesca/internal/client/management_replication.go:54.2,55.55 2 1
github.com/scality/terraform-provider-scality-artesca/internal/client/management_replication.go:55.55,57.3 1 0
github.com/scality/terraform-provider-scality-artesca/internal/client/management_replication.go:59.2,59.22 1 1
github.com/scality/terraform-provider-scality-artesca/internal/client/management_replication.go:62.96,65.16 3 1
github.com/scality/terraform-provider-scality-artesca/internal/client/management_replication.go:65.16,67.3 1 0
github.com/scality/terraform-provider-scality-artesca/internal/client/management_replication.go:68.2,68.63 1 1
github.com/scality/terraform-provider-scality-artesca/internal/client/management_replication.go:68.63,70.3 1 1
github.com/scality/terraform-provider-scality-artesca/internal/client/management_replication.go:72.2,72.12 1 1
github.com/scality/terraform-provider-scality-artesca/internal/client/management_workflow.go:13.187,16.16 3 1
github.com/scality/terraform-provider-scality-artesca/internal/client/management_workflow.go:16.16,18.3 1 0
github.com/scality/terraform-provider-scality-artesca/internal/client/management_workflow.go:19.2,19.61 1 1
github.com/scality/terraform-provider-scality-artesca/internal/client/management_workflow.go:19.61,21.3 1 1
github.com/scality/terraform-provider-scality-artesca/internal/client/management_workflow.go:23.2,24.55 2 1
github.com/scality/terraform-provider-scality-artesca/internal/client/management_workflow.go:24.55,26.3 1 0
github.com/scality/terraform-provider-scality-artesca/internal/client/management_workflow.go:28.2,28.22 1 1
github.com/scality/terraform-provider-scality-artesca/internal/client/management_workflow.go:31.199,34.16 3 1
github.com/scality/terraform-provider-scality-artesca/internal/client/management_workflow.go:34.16,36.3 1 0
github.com/scality/terraform-provider-scality-artesca/internal/client/management_workflow.go:37.2,37.29 1 1
github.com/scality/terraform-provider-scality-artesca/internal/client/management_workflow.go:37.29,39.3 1 1
github.com/scality/terraform-provider-scality-artesca/internal/client/management_workflow.go:41.2,42.55 2 1
github.com/scality/terraform-provider-scality-artesca/internal/client/management_workflow.go:42.55,44.3 1 0
github.com/scality/terraform-provider-scality-artesca/internal/client/management_workflow.go:46.2,46.22 1 1
github.com/scality/terraform-provider-scality-artesca/internal/client/management_workflow.go:49.140,52.16 3 1
github.com/scality/terraform-provider-scality-artesca/internal/client/management_workflow.go:52.16,54.3 1 0
github.com/scality/terraform-provider-scality-artesca/internal/client/management_workflow.go:55.2,55.63 1 1
github.com/scality/terraform-provider-scality-artesca/internal/client/management_workflow.go:55.63,57.3 1 1
github.com/scality/terraform-provider-scality-artesca/internal/client/management_workflow.go:59.2,59.12 1 1
github.com/scality/terraform-provider-scality-artesca/internal/client/management_workflow.go:64.187,67.16 3 1
github.com/scality/terraform-provider-scality-artesca/internal/client/management_workflow.go:67.16,69.3 1 0
github.com/scality/terraform-provider-scality-artesca/internal/client/management_workflow.go:70.2,70.61 1 1
github.com/scality/terraform-provider-scality-artesca/internal/client/management_workflow.go:70.61,72.3 1 1
github.com/scality/terraform-provider-scality-artesca/internal/client/management_workflow.go:74.2,75.55 2 1
github.com/scality/terraform-provider-scality-artesca/internal/client/management_workflow.go:75.55,77.3 1 0
github.com/scality/terraform-provider-scality-artesca/internal/client/management_workflow.go:79.2,79.22 1 1
github.com/scality/terraform-provider-scality-artesca/internal/client/management_workflow.go:82.199,85.16 3 1
github.com/scality/terraform-provider-scality-artesca/internal/client/management_workflow.go:85.16,87.3 1 0
github.com/scality/terraform-provider-scality-artesca/internal/client/management_workflow.go:88.2,88.29 1 1
github.com/scality/terraform-provider-scality-artesca/internal/client/management_workflow.go:88.29,90.3 1 1
github.com/scality/terraform-provider-scality-artesca/internal/client/management_workflow.go:92.2,93.55 2 1
github.com/scality/terraform-provider-scality-artesca/internal/client/management_workflow.go:93.55,95.3 1 0
github.com/scality/terraform-provider-scality-artesca/internal/client/management_workflow.go:97.2,97.22 1 1
github.com/scality/terraform-provider-scality-artesca/internal/client/management_workflow.go:100.140,103.16 3 1
github.com/scality/terraform-provider-scality-artesca/internal/client/management_workflow.go:103.16,105.3 1 0
github.com/scality/terraform-provider-scality-artesca/internal/client/management_workflow.go:106.2,106.63 1 1
github.com/scality/terraform-provider-scality-artesca/internal/client/management_workflow.go:106.63,108.3 1 1
github.com/scality/terraform-provider-scality-artesca/internal/client/management_workflow.go:110.2,110.12 1 1
github.com/scality/terraform-provider-scality-artesca/internal/client/management_workflow.go:115.178,118.16 3 1
github.com/scality/terraform-provider-scality-artesca/internal/client/management_workflow.go:118.16,120.3 1 0
github.com/scality/terraform-provider-scality-artesca/internal/client/management_workflow.go:121.2,121.61 1 1
github.com/scality/terraform-provider-scality-artesca/internal/client/management_workflow.go:121.61,123.3 1 1
github.com/scality/terraform-provider-scality-artesca/internal/client/management_workflow.go:125.2,126.55 2 1
github.com/scality/terraform-provider-scality-artesca/internal/client/management_workflow.go:126.55,128.3 1 0
github.com/scality/terraform-provider-scality-artesca/internal/client/management_workflow.go:130.2,130.22 1 1
github.com/scality/terraform-provider-scality-artesca/internal/client/management_workflow.go:133.190,136.16 3 1
github.com/scality/terraform-provider-scality-artesca/internal/client/management_workflow.go:136.16,138.3 1 0
github.com/scality/terraform-provider-scality-artesca/internal/client/management_workflow.go:139.2,139.29 1 1
github.com/scality/terraform-provider-scality-artesca/internal/client/management_workflow.go:139.29,141.3 1 1
github.com/scality/terraform-provider-scality-artesca/internal/client/management_workflow.go:143.2,144.55 2 1
github.com/scality/terraform-provider-scality-artesca/internal/client/management_workflow.go:144.55,146.3 1 0
github.com/scality/terraform-provider-scality-artesca/internal/client/management_workflow.go:148.2,148.22 1 1
github.com/scality/terraform-provider-scality-artesca/internal/client/management_workflow.go:151.141,154.16 3 1
github.com/scality/terraform-provider-scality-artesca/internal/client/management_workflow.go:154.16,156.3 1 0
github.com/scality/terraform-provider-scality-artesca/internal/client/management_workflow.go:157.2,157.63 1 1
github.com/scality/terraform-provider-scality-artesca/internal/client/management_workflow.go:157.63,159.3 1 1
github.com/scality/terraform-provider-scality-artesca/internal/client/management_workflow.go:161.2,161.12 1 1
github.com/scality/terraform-provider-scality-artesca/internal/client/oidc.go:41.120,60.2 3 1
github.com/scality/terraform-provider-scality-artesca/internal/client/oidc.go:62.70,66.86 3 1
github.com/scality/terraform-provider-scality-artesca/internal/client/oidc.go:66.86,68.3 1 1
github.com/scality/terraform-provider-scality-artesca/internal/client/oidc.go:70.2,79.16 3 1
github.com/scality/terraform-provider-scality-artesca/internal/client/oidc.go:79.16,81.3 1 0
github.com/scality/terraform-provider-scality-artesca/internal/client/oidc.go:82.2,85.16 3 1
github.com/scality/terraform-provider-scality-artesca/internal/client/oidc.go:85.16,87.3 1 0
github.com/scality/terraform-provider-scality-artesca/internal/client/oidc.go:88.2,91.16 3 1
github.com/scality/terraform-provider-scality-artesca/internal/client/oidc.go:91.16,93.3 1 0
github.com/scality/terraform-provider-scality-artesca/internal/client/oidc.go:95.2,95.38 1 1
github.com/scality/terraform-provider-scality-artesca/internal/client/oidc.go:95.38,97.3 1 1
github.com/scality/terraform-provider-scality-artesca/internal/client/oidc.go:99.2,100.57 2 1
github.com/scality/terraform-provider-scality-artesca/internal/client/oidc.go:100.57,102.3 1 0
github.com/scality/terraform-provider-scality-artesca/internal/client/oidc.go:104.2,104.33 1 1
github.com/scality/terraform-provider-scality-artesca/internal/client/oidc.go:104.33,106.3 1 1
github.com/scality/terraform-provider-scality-artesca/internal/client/oidc.go:108.2,111.27 3 1
github.com/scality/terraform-provider-scality-artesca/internal/client/oidc.go:115.78,117.16 2 1
github.com/scality/terraform-provider-scality-artesca/internal/client/oidc.go:117.16,119.3 1 1
github.com/scality/terraform-provider-scality-artesca/internal/client/oidc.go:121.2,122.21 2 1
github.com/scality/terraform-provider-scality-artesca/internal/client/oidc.go:122.21,124.3 1 1
github.com/scality/terraform-provider-scality-artesca/internal/client/oidc.go:126.2,128.26 2 1
github.com/scality/terraform-provider-scality-artesca/internal/client/oidc.go:129.9,130.18 1 1
github.com/scality/terraform-provider-scality-artesca/internal/client/oidc.go:131.9,132.17 1 1
github.com/scality/terraform-provider-scality-artesca/internal/client/oidc.go:135.2,136.16 2 1
github.com/scality/terraform-provider-scality-artesca/internal/client/oidc.go:136.16,138.3 1 1
github.com/scality/terraform-provider-scality-artesca/internal/client/oidc.go:140.2,143.57 2 1
github.com/scality/terraform-provider-scality-artesca/internal/client/oidc.go:143.57,145.3 1 1
github.com/scality/terraform-provider-scality-artesca/internal/client/oidc.go:147.2,147.32 1 1
